// Jest Snapshot v1, https://goo.gl/fbAQLP

exports[`Render HostInfo 1`] = `
<div
  className="property__host"
>
  <h2
    className="property__host-title"
  >
    Meet the host
  </h2>
  <div
    className="property__host-user user"
  >
    <div
      className="property__avatar-wrapper property__avatar-wrapper--pro user__avatar-wrapper"
    >
      <img
        alt="Host avatar"
        className="property__avatar user__avatar"
        height="74"
        src="img/avatar-max.jpg"
        width="74"
      />
    </div>
    <span
      className="property__user-name"
    >
      Maximum
    </span>
  </div>
</div>
`;
